// Jest Snapshot v1, https://goo.gl/fbAQLP

exports[`The icon component should render with no props 1`] = `
<Icon>
  <div
    className="icon"
  >
    <h4 />
    <img />
    <pre />
  </div>
</Icon>
`;

exports[`The icon component should render with props 1`] = `
<Icon
  name="test name"
  svg="/path/to/svg"
>
  <div
    className="icon"
  >
    <h4>
      test name
    </h4>
    <img
      alt="test name"
      src="/path/to/svg"
    />
    <pre>
      /path/to/svg
    </pre>
  </div>
</Icon>
`;
